###############################################################################
#
# IAR ELF Linker V9.10.2.313/W64 for ARM                  12/Apr/2022  12:47:40
# Copyright 2007-2021 IAR Systems AB.
#
#    Output file  =
#        C:\Users\tzinke\Documents\Learning
#        Goals\STM32MotionControl\EWARM\Motion Control\Exe\Motion Control.out
#    Map file     =
#        C:\Users\tzinke\Documents\Learning
#        Goals\STM32MotionControl\EWARM\Motion Control\List\Motion Control.map
#    Command line =
#        -f "C:\Users\tzinke\Documents\Learning
#        Goals\STM32MotionControl\EWARM\Motion Control\Exe\Motion
#        Control.out.rsp" ("C:\Users\tzinke\Documents\Learning
#        Goals\STM32MotionControl\EWARM\Motion
#        Control\Obj\Application\User\Core\main.o"
#        "C:\Users\tzinke\Documents\Learning
#        Goals\STM32MotionControl\EWARM\Motion
#        Control\Obj\Application\EWARM\startup_stm32f411xe.o"
#        "C:\Users\tzinke\Documents\Learning
#        Goals\STM32MotionControl\EWARM\Motion
#        Control\Obj\Drivers\STM32F4xx_HAL_Driver\stm32f4xx_hal.o"
#        "C:\Users\tzinke\Documents\Learning
#        Goals\STM32MotionControl\EWARM\Motion
#        Control\Obj\Drivers\STM32F4xx_HAL_Driver\stm32f4xx_hal_cortex.o"
#        "C:\Users\tzinke\Documents\Learning
#        Goals\STM32MotionControl\EWARM\Motion
#        Control\Obj\Drivers\STM32F4xx_HAL_Driver\stm32f4xx_hal_dma.o"
#        "C:\Users\tzinke\Documents\Learning
#        Goals\STM32MotionControl\EWARM\Motion
#        Control\Obj\Drivers\STM32F4xx_HAL_Driver\stm32f4xx_hal_dma_ex.o"
#        "C:\Users\tzinke\Documents\Learning
#        Goals\STM32MotionControl\EWARM\Motion
#        Control\Obj\Drivers\STM32F4xx_HAL_Driver\stm32f4xx_hal_exti.o"
#        "C:\Users\tzinke\Documents\Learning
#        Goals\STM32MotionControl\EWARM\Motion
#        Control\Obj\Drivers\STM32F4xx_HAL_Driver\stm32f4xx_hal_flash.o"
#        "C:\Users\tzinke\Documents\Learning
#        Goals\STM32MotionControl\EWARM\Motion
#        Control\Obj\Drivers\STM32F4xx_HAL_Driver\stm32f4xx_hal_flash_ex.o"
#        "C:\Users\tzinke\Documents\Learning
#        Goals\STM32MotionControl\EWARM\Motion
#        Control\Obj\Drivers\STM32F4xx_HAL_Driver\stm32f4xx_hal_flash_ramfunc.o"
#        "C:\Users\tzinke\Documents\Learning
#        Goals\STM32MotionControl\EWARM\Motion
#        Control\Obj\Drivers\STM32F4xx_HAL_Driver\stm32f4xx_hal_gpio.o"
#        "C:\Users\tzinke\Documents\Learning
#        Goals\STM32MotionControl\EWARM\Motion
#        Control\Obj\Application\User\Core\stm32f4xx_hal_msp.o"
#        "C:\Users\tzinke\Documents\Learning
#        Goals\STM32MotionControl\EWARM\Motion
#        Control\Obj\Drivers\STM32F4xx_HAL_Driver\stm32f4xx_hal_pwr.o"
#        "C:\Users\tzinke\Documents\Learning
#        Goals\STM32MotionControl\EWARM\Motion
#        Control\Obj\Drivers\STM32F4xx_HAL_Driver\stm32f4xx_hal_pwr_ex.o"
#        "C:\Users\tzinke\Documents\Learning
#        Goals\STM32MotionControl\EWARM\Motion
#        Control\Obj\Drivers\STM32F4xx_HAL_Driver\stm32f4xx_hal_rcc.o"
#        "C:\Users\tzinke\Documents\Learning
#        Goals\STM32MotionControl\EWARM\Motion
#        Control\Obj\Drivers\STM32F4xx_HAL_Driver\stm32f4xx_hal_rcc_ex.o"
#        "C:\Users\tzinke\Documents\Learning
#        Goals\STM32MotionControl\EWARM\Motion
#        Control\Obj\Drivers\STM32F4xx_HAL_Driver\stm32f4xx_hal_tim.o"
#        "C:\Users\tzinke\Documents\Learning
#        Goals\STM32MotionControl\EWARM\Motion
#        Control\Obj\Drivers\STM32F4xx_HAL_Driver\stm32f4xx_hal_tim_ex.o"
#        "C:\Users\tzinke\Documents\Learning
#        Goals\STM32MotionControl\EWARM\Motion
#        Control\Obj\Drivers\STM32F4xx_HAL_Driver\stm32f4xx_hal_uart.o"
#        "C:\Users\tzinke\Documents\Learning
#        Goals\STM32MotionControl\EWARM\Motion
#        Control\Obj\Application\User\Core\stm32f4xx_it.o"
#        "C:\Users\tzinke\Documents\Learning
#        Goals\STM32MotionControl\EWARM\Motion
#        Control\Obj\Drivers\CMSIS\system_stm32f4xx.o" --no_out_extension -o
#        "C:\Users\tzinke\Documents\Learning
#        Goals\STM32MotionControl\EWARM\Motion Control\Exe\Motion Control.out"
#        --redirect _Printf=_PrintfFullNoMb --redirect _Scanf=_ScanfFullNoMb
#        --map "C:\Users\tzinke\Documents\Learning
#        Goals\STM32MotionControl\EWARM\Motion Control\List\Motion Control.map"
#        --config "C:\Users\tzinke\Documents\Learning
#        Goals\STM32MotionControl\EWARM/stm32f411xe_flash.icf" --semihosting
#        --entry __iar_program_start --vfe --text_out locale)
#
###############################################################################

*******************************************************************************
*** RUNTIME MODEL ATTRIBUTES
***

CppFlavor       = *
__SystemLibrary = DLib
__dlib_version  = 6


*******************************************************************************
*** HEAP SELECTION
***

The basic heap was selected because no calls to memory allocation
functions were found in the application outside of system library
functions, and there are calls to deallocation functions in the
application.


*******************************************************************************
*** PLACEMENT SUMMARY
***

"A0":  place at address 0x800'0000 { ro section .intvec };
"P1":  place in [from 0x800'0000 to 0x807'ffff] { ro };
define block CSTACK with size = 1K, alignment = 8 { };
define block HEAP with size = 512, alignment = 8 { };
"P2":  place in [from 0x2000'0000 to 0x2001'ffff] {
          rw, block CSTACK, block HEAP };
initialize by copy { rw };

  Section            Kind         Address    Size  Object
  -------            ----         -------    ----  ------
"A0":                                       0x198
  .intvec            ro code   0x800'0000   0x198  startup_stm32f411xe.o [1]
                             - 0x800'0198   0x198

"P1":                                      0x27ec
  .text              ro code   0x800'0198   0x6ca  stm32f4xx_hal_tim.o [4]
  .text              ro code   0x800'0862    0x2a  copy_init3.o [7]
  .text              ro code   0x800'088c   0x154  stm32f4xx_hal_msp.o [2]
  .text              ro code   0x800'09e0     0x2  stm32f4xx_hal_tim.o [4]
  .text              ro code   0x800'09e2     0x2  stm32f4xx_hal_tim.o [4]
  .text              ro code   0x800'09e4     0x2  stm32f4xx_hal_tim.o [4]
  .text              ro code   0x800'09e8   0x4d4  main.o [2]
  .text              ro code   0x800'0ebc     0x2  stm32f4xx_hal_tim_ex.o [4]
  .text              ro code   0x800'0ebe     0x2  stm32f4xx_hal_tim.o [4]
  .text              ro code   0x800'0ec0     0x2  stm32f4xx_hal_tim_ex.o [4]
  .text              ro code   0x800'0ec2     0x2  stm32f4xx_hal_tim.o [4]
  .text              ro code   0x800'0ec4    0xc4  stm32f4xx_hal_cortex.o [4]
  .text              ro code   0x800'0f88   0x1dc  stm32f4xx_hal_gpio.o [4]
  .text              ro code   0x800'1164    0x14  memset.o [7]
  .text              ro code   0x800'1178    0x34  stm32f4xx_hal.o [4]
  .text              ro code   0x800'11ac    0x78  stm32f4xx_hal_tim_ex.o [4]
  .text              ro code   0x800'1224   0x140  stm32f4xx_hal_uart.o [4]
  .text              ro code   0x800'1364   0x25e  DblAddSub.o [6]
  .text              ro code   0x800'15c4    0x34  DblCmpLe.o [6]
  .text              ro code   0x800'15f8    0x36  DblToS32.o [6]
  .text              ro code   0x800'1630    0x22  S32ToDbl.o [6]
  .text              ro code   0x800'1652     0xc  memcpy.o [7]
  .text              ro code   0x800'1660   0x246  DblDiv.o [6]
  .text              ro code   0x800'18a8   0x1aa  DblMul.o [6]
  .text              ro code   0x800'1a54   0x31c  stm32f4xx_hal_rcc.o [4]
  .text              ro code   0x800'1d70   0x14c  stm32f4xx_hal_rcc.o [4]
  .text              ro code   0x800'1ebc   0x102  sqrt.o [6]
  .text              ro code   0x800'1fc0    0x12  math_wrappers64.o [6]
  .text              ro code   0x800'1fd4    0x66  ABImemset.o [7]
  .text              ro code   0x800'203c    0x40  stm32f4xx_hal.o [4]
  .text              ro code   0x800'207c   0x106  I64DivMod_small.o [7]
  .text              ro code   0x800'2184    0xa6  ABImemcpy.o [7]
  .text              ro code   0x800'222c     0xc  stm32f4xx_hal.o [4]
  .text              ro code   0x800'2238    0x60  stm32f4xx_hal_rcc.o [4]
  .text              ro code   0x800'2298    0x44  exp64.o [6]
  .text              ro code   0x800'22dc     0x2  I64DivZer.o [7]
  .text              ro code   0x800'22e0   0x2d0  iar_Exp64.o [6]
  .text              ro code   0x800'25b0    0x34  DblCmpGe.o [6]
  .text              ro code   0x800'25e4   0x13a  ldexp.o [6]
  .text              ro code   0x800'271e    0x38  zero_init3.o [7]
  .text              ro code   0x800'2758    0x28  data_init.o [7]
  .text              ro code   0x800'2780    0x22  fpinit_M.o [6]
  .iar.init_table    const     0x800'27a4    0x24  - Linker created -
  .text              ro code   0x800'27c8    0x20  stm32f4xx_it.o [2]
  .text              ro code   0x800'27e8    0x10  stm32f4xx_hal.o [4]
  .text              ro code   0x800'27f8    0x20  system_stm32f4xx.o [3]
  .text              ro code   0x800'2818    0x1e  cmain.o [7]
  .text              ro code   0x800'2836     0x4  low_level_init.o [5]
  .text              ro code   0x800'283a     0x4  exit.o [5]
  .text              ro code   0x800'2840     0xa  cexit.o [7]
  .text              ro code   0x800'284c    0x14  exit.o [8]
  .text              ro code   0x800'2860    0x1c  cstartup_M.o [7]
  .text              ro code   0x800'287c    0x10  startup_stm32f411xe.o [1]
  Initializer bytes  const     0x800'288c    0x10  <for P2-1>
  .rodata            const     0x800'289c     0x8  system_stm32f4xx.o [3]
  .text              ro code   0x800'28a4     0x4  startup_stm32f411xe.o [1]
  .text              ro code   0x800'28a8     0x4  startup_stm32f411xe.o [1]
  .text              ro code   0x800'28ac     0x4  startup_stm32f411xe.o [1]
  .text              ro code   0x800'28b0     0x4  startup_stm32f411xe.o [1]
  .text              ro code   0x800'28b4     0x4  startup_stm32f411xe.o [1]
  .text              ro code   0x800'28b8     0x4  startup_stm32f411xe.o [1]
  .text              ro code   0x800'28bc     0x4  startup_stm32f411xe.o [1]
  .text              ro code   0x800'28c0     0x4  startup_stm32f411xe.o [1]
  .text              ro code   0x800'28c4     0x4  startup_stm32f411xe.o [1]
  .text              ro code   0x800'28c8     0x4  startup_stm32f411xe.o [1]
  .text              ro code   0x800'28cc     0x4  startup_stm32f411xe.o [1]
  .text              ro code   0x800'28d0     0x4  startup_stm32f411xe.o [1]
  .text              ro code   0x800'28d4     0x4  startup_stm32f411xe.o [1]
  .text              ro code   0x800'28d8     0x4  startup_stm32f411xe.o [1]
  .text              ro code   0x800'28dc     0x4  startup_stm32f411xe.o [1]
  .text              ro code   0x800'28e0     0x4  startup_stm32f411xe.o [1]
  .text              ro code   0x800'28e4     0x4  startup_stm32f411xe.o [1]
  .text              ro code   0x800'28e8     0x4  startup_stm32f411xe.o [1]
  .text              ro code   0x800'28ec     0x4  startup_stm32f411xe.o [1]
  .text              ro code   0x800'28f0     0x4  startup_stm32f411xe.o [1]
  .text              ro code   0x800'28f4     0x4  startup_stm32f411xe.o [1]
  .text              ro code   0x800'28f8     0x4  startup_stm32f411xe.o [1]
  .text              ro code   0x800'28fc     0x4  startup_stm32f411xe.o [1]
  .text              ro code   0x800'2900     0x4  startup_stm32f411xe.o [1]
  .text              ro code   0x800'2904     0x4  startup_stm32f411xe.o [1]
  .text              ro code   0x800'2908     0x4  startup_stm32f411xe.o [1]
  .text              ro code   0x800'290c     0x4  startup_stm32f411xe.o [1]
  .text              ro code   0x800'2910     0x4  startup_stm32f411xe.o [1]
  .text              ro code   0x800'2914     0x4  startup_stm32f411xe.o [1]
  .text              ro code   0x800'2918     0x4  startup_stm32f411xe.o [1]
  .text              ro code   0x800'291c     0x4  startup_stm32f411xe.o [1]
  .text              ro code   0x800'2920     0x4  startup_stm32f411xe.o [1]
  .text              ro code   0x800'2924     0x4  startup_stm32f411xe.o [1]
  .text              ro code   0x800'2928     0x4  startup_stm32f411xe.o [1]
  .text              ro code   0x800'292c     0x4  startup_stm32f411xe.o [1]
  .text              ro code   0x800'2930     0x4  startup_stm32f411xe.o [1]
  .text              ro code   0x800'2934     0x4  startup_stm32f411xe.o [1]
  .text              ro code   0x800'2938     0x4  startup_stm32f411xe.o [1]
  .text              ro code   0x800'293c     0x4  startup_stm32f411xe.o [1]
  .text              ro code   0x800'2940     0x4  startup_stm32f411xe.o [1]
  .text              ro code   0x800'2944     0x4  startup_stm32f411xe.o [1]
  .text              ro code   0x800'2948     0x4  startup_stm32f411xe.o [1]
  .text              ro code   0x800'294c     0x4  startup_stm32f411xe.o [1]
  .text              ro code   0x800'2950     0x4  startup_stm32f411xe.o [1]
  .text              ro code   0x800'2954     0x4  startup_stm32f411xe.o [1]
  .text              ro code   0x800'2958     0x4  startup_stm32f411xe.o [1]
  .text              ro code   0x800'295c     0x4  startup_stm32f411xe.o [1]
  .text              ro code   0x800'2960     0x4  startup_stm32f411xe.o [1]
  .text              ro code   0x800'2964     0x4  startup_stm32f411xe.o [1]
  .text              ro code   0x800'2968     0x4  startup_stm32f411xe.o [1]
  .text              ro code   0x800'296c     0x4  startup_stm32f411xe.o [1]
  .text              ro code   0x800'2970     0x4  startup_stm32f411xe.o [1]
  .text              ro code   0x800'2974     0x4  startup_stm32f411xe.o [1]
  .text              ro code   0x800'2978     0x4  startup_stm32f411xe.o [1]
  .text              ro code   0x800'297c     0x4  startup_stm32f411xe.o [1]
  .text              ro code   0x800'2980     0x4  startup_stm32f411xe.o [1]
  .rodata            const     0x800'2984     0x0  zero_init3.o [7]
  .rodata            const     0x800'2984     0x0  copy_init3.o [7]
                             - 0x800'2984  0x27ec

"P2", part 1 of 3:                           0x10
  P2-1                        0x2000'0000    0x10  <Init block>
    .data            inited   0x2000'0000     0xc  stm32f4xx_hal.o [4]
    .data            inited   0x2000'000c     0x4  system_stm32f4xx.o [3]
                            - 0x2000'0010    0x10

"P2", part 2 of 3:                          0x4b0
  .bss               zero     0x2000'0010   0x3c8  main.o [2]
  .bss               zero     0x2000'03d8    0xe0  main.o [2]
  .bss               zero     0x2000'04b8     0x6  main.o [2]
                            - 0x2000'04be   0x4ae

"P2", part 3 of 3:                          0x400
  CSTACK                      0x2000'04c0   0x400  <Block>
    CSTACK           uninit   0x2000'04c0   0x400  <Block tail>
                            - 0x2000'08c0   0x400

Unused ranges:

         From           To      Size
         ----           --      ----
   0x800'2984   0x807'ffff  0x7'd67c
  0x2000'08c0  0x2001'ffff  0x1'f740


*******************************************************************************
*** INIT TABLE
***

          Address      Size
          -------      ----
Zero (__iar_zero_init3)
    1 destination range, total size 0x4ae:
          0x2000'0010  0x4ae

Copy (__iar_copy_init3)
    1 source range, total size 0x10:
           0x800'288c   0x10
    1 destination range, total size 0x10:
          0x2000'0000   0x10



*******************************************************************************
*** MODULE SUMMARY
***

    Module                  ro code  ro data  rw data
    ------                  -------  -------  -------
command line/config:
    -------------------------------------------------
    Total:

C:\Users\tzinke\Documents\Learning Goals\STM32MotionControl\EWARM\Motion Control\Obj\Application\EWARM: [1]
    startup_stm32f411xe.o       648
    -------------------------------------------------
    Total:                      648

C:\Users\tzinke\Documents\Learning Goals\STM32MotionControl\EWARM\Motion Control\Obj\Application\User\Core: [2]
    main.o                    1'236             1'198
    stm32f4xx_hal_msp.o         340
    stm32f4xx_it.o               32
    -------------------------------------------------
    Total:                    1'608             1'198

C:\Users\tzinke\Documents\Learning Goals\STM32MotionControl\EWARM\Motion Control\Obj\Drivers\CMSIS: [3]
    system_stm32f4xx.o           32       12        4
    -------------------------------------------------
    Total:                       32       12        4

C:\Users\tzinke\Documents\Learning Goals\STM32MotionControl\EWARM\Motion Control\Obj\Drivers\STM32F4xx_HAL_Driver: [4]
    stm32f4xx_hal.o             144       12       12
    stm32f4xx_hal_cortex.o      196
    stm32f4xx_hal_gpio.o        476
    stm32f4xx_hal_rcc.o       1'224
    stm32f4xx_hal_tim.o       1'748
    stm32f4xx_hal_tim_ex.o      124
    stm32f4xx_hal_uart.o        320
    -------------------------------------------------
    Total:                    4'232       12       12

dl7M_tln.a: [5]
    exit.o                        4
    low_level_init.o              4
    -------------------------------------------------
    Total:                        8

m7M_tls.a: [6]
    DblAddSub.o                 606
    DblCmpGe.o                   52
    DblCmpLe.o                   52
    DblDiv.o                    582
    DblMul.o                    426
    DblToS32.o                   54
    S32ToDbl.o                   34
    exp64.o                      68
    fpinit_M.o                   34
    iar_Exp64.o                 720
    ldexp.o                     314
    math_wrappers64.o            18
    sqrt.o                      258
    -------------------------------------------------
    Total:                    3'218

rt7M_tl.a: [7]
    ABImemcpy.o                 166
    ABImemset.o                 102
    I64DivMod_small.o           262
    I64DivZer.o                   2
    cexit.o                      10
    cmain.o                      30
    copy_init3.o                 42
    cstartup_M.o                 28
    data_init.o                  40
    memcpy.o                     12
    memset.o                     20
    zero_init3.o                 56
    -------------------------------------------------
    Total:                      770

shb_l.a: [8]
    exit.o                       20
    -------------------------------------------------
    Total:                       20

    Gaps                         30        2
    Linker created                        36    1'024
-----------------------------------------------------
    Grand Total:             10'566       62    2'238


*******************************************************************************
*** ENTRY LIST
***

Entry                       Address   Size  Type      Object
-----                       -------   ----  ----      ------
.iar.init_table$$Base    0x800'27a4          --   Gb  - Linker created -
.iar.init_table$$Limit   0x800'27c8          --   Gb  - Linker created -
?main                    0x800'2819         Code  Gb  cmain.o [7]
AHBPrescTable            0x800'2808   0x10  Data  Gb  system_stm32f4xx.o [3]
APBPrescTable            0x800'289c    0x8  Data  Gb  system_stm32f4xx.o [3]
BusFault_Handler         0x800'27cf    0x2  Code  Gb  stm32f4xx_it.o [2]
CSTACK$$Base            0x2000'04c0          --   Gb  - Linker created -
CSTACK$$Limit           0x2000'08c0          --   Gb  - Linker created -
DebugMon_Handler         0x800'27d5    0x2  Code  Gb  stm32f4xx_it.o [2]
HAL_GPIO_Init            0x800'0f89  0x1a2  Code  Gb  stm32f4xx_hal_gpio.o [4]
HAL_GPIO_TogglePin       0x800'1133   0x10  Code  Gb  stm32f4xx_hal_gpio.o [4]
HAL_GPIO_WritePin        0x800'112b    0x8  Code  Gb  stm32f4xx_hal_gpio.o [4]
HAL_GetTick              0x800'222d    0xc  Code  Gb  stm32f4xx_hal.o [4]
HAL_IncTick              0x800'27e9   0x10  Code  Gb  stm32f4xx_hal.o [4]
HAL_Init                 0x800'1179   0x30  Code  Gb  stm32f4xx_hal.o [4]
HAL_InitTick             0x800'203d   0x40  Code  Gb  stm32f4xx_hal.o [4]
HAL_MspInit              0x800'088d   0x38  Code  Gb  stm32f4xx_hal_msp.o [2]
HAL_NVIC_EnableIRQ       0x800'0f33   0x16  Code  Gb  stm32f4xx_hal_cortex.o [4]
HAL_NVIC_SetPriority     0x800'0ef9   0x3a  Code  Gb  stm32f4xx_hal_cortex.o [4]
HAL_NVIC_SetPriorityGrouping
                         0x800'0edf   0x1a  Code  Gb  stm32f4xx_hal_cortex.o [4]
HAL_RCC_ClockConfig      0x800'1d71  0x100  Code  Gb  stm32f4xx_hal_rcc.o [4]
HAL_RCC_GetPCLK1Freq     0x800'1e7d   0x10  Code  Gb  stm32f4xx_hal_rcc.o [4]
HAL_RCC_GetPCLK2Freq     0x800'1e8d    0xe  Code  Gb  stm32f4xx_hal_rcc.o [4]
HAL_RCC_GetSysClockFreq
                         0x800'2239   0x60  Code  Gb  stm32f4xx_hal_rcc.o [4]
HAL_RCC_OscConfig        0x800'1a55  0x31c  Code  Gb  stm32f4xx_hal_rcc.o [4]
HAL_SYSTICK_Config       0x800'0f49   0x28  Code  Gb  stm32f4xx_hal_cortex.o [4]
HAL_TIMEx_BreakCallback
                         0x800'0ebd    0x2  Code  Gb  stm32f4xx_hal_tim_ex.o [4]
HAL_TIMEx_CommutCallback
                         0x800'0ec1    0x2  Code  Gb  stm32f4xx_hal_tim_ex.o [4]
HAL_TIMEx_MasterConfigSynchronization
                         0x800'11ad   0x62  Code  Gb  stm32f4xx_hal_tim_ex.o [4]
HAL_TIM_Base_Init        0x800'0199   0x1a  Code  Gb  stm32f4xx_hal_tim.o [4]
HAL_TIM_Base_MspInit     0x800'08c5   0x56  Code  Gb  stm32f4xx_hal_msp.o [2]
HAL_TIM_Base_Start_IT    0x800'01b3   0x64  Code  Gb  stm32f4xx_hal_tim.o [4]
HAL_TIM_ConfigClockSource
                         0x800'0553   0xaa  Code  Gb  stm32f4xx_hal_tim.o [4]
HAL_TIM_IC_CaptureCallback
                         0x800'09e3    0x2  Code  Gb  stm32f4xx_hal_tim.o [4]
HAL_TIM_IRQHandler       0x800'033d  0x142  Code  Gb  stm32f4xx_hal_tim.o [4]
HAL_TIM_MspPostInit      0x800'091b   0x46  Code  Gb  stm32f4xx_hal_msp.o [2]
HAL_TIM_OC_DelayElapsedCallback
                         0x800'09e5    0x2  Code  Gb  stm32f4xx_hal_tim.o [4]
HAL_TIM_PWM_ConfigChannel
                         0x800'048f   0xb6  Code  Gb  stm32f4xx_hal_tim.o [4]
HAL_TIM_PWM_Init         0x800'0253   0x1a  Code  Gb  stm32f4xx_hal_tim.o [4]
HAL_TIM_PWM_MspInit      0x800'09e1    0x2  Code  Gb  stm32f4xx_hal_tim.o [4]
HAL_TIM_PWM_PulseFinishedCallback
                         0x800'0ec3    0x2  Code  Gb  stm32f4xx_hal_tim.o [4]
HAL_TIM_PWM_Start        0x800'026d   0x82  Code  Gb  stm32f4xx_hal_tim.o [4]
HAL_TIM_PeriodElapsedCallback
                         0x800'0dfb   0x5e  Code  Gb  main.o [2]
HAL_TIM_PeriodElapsedCallback::arrTableIndex
                        0x2000'04bc    0x2  Data  Lc  main.o [2]
HAL_TIM_PeriodElapsedCallback::tickCount50ms
                        0x2000'04ba    0x2  Data  Lc  main.o [2]
HAL_TIM_TriggerCallback
                         0x800'0ebf    0x2  Code  Gb  stm32f4xx_hal_tim.o [4]
HAL_UART_Init            0x800'1225   0x1e  Code  Gb  stm32f4xx_hal_uart.o [4]
HAL_UART_MspInit         0x800'0961   0x5c  Code  Gb  stm32f4xx_hal_msp.o [2]
HardFault_Handler        0x800'27cb    0x2  Code  Gb  stm32f4xx_it.o [2]
MemManage_Handler        0x800'27cd    0x2  Code  Gb  stm32f4xx_it.o [2]
NMI_Handler              0x800'27c9    0x2  Code  Gb  stm32f4xx_it.o [2]
PendSV_Handler           0x800'27d7    0x2  Code  Gb  stm32f4xx_it.o [2]
Region$$Table$$Base      0x800'27a4          --   Gb  - Linker created -
Region$$Table$$Limit     0x800'27c8          --   Gb  - Linker created -
SVC_Handler              0x800'27d3    0x2  Code  Gb  stm32f4xx_it.o [2]
SysTick_Handler          0x800'27d9    0x4  Code  Gb  stm32f4xx_it.o [2]
SystemClock_Config       0x800'0d0d   0x92  Code  Gb  main.o [2]
SystemCoreClock         0x2000'000c    0x4  Data  Gb  system_stm32f4xx.o [3]
SystemInit               0x800'27f9    0xc  Code  Gb  system_stm32f4xx.o [3]
TIM3_IRQHandler          0x800'27dd    0x6  Code  Gb  stm32f4xx_it.o [2]
TIM_Base_SetConfig       0x800'0617   0x7a  Code  Gb  stm32f4xx_hal_tim.o [4]
TIM_CCxChannelCmd        0x800'0847   0x16  Code  Gb  stm32f4xx_hal_tim.o [4]
TIM_ETR_SetConfig        0x800'0833   0x14  Code  Gb  stm32f4xx_hal_tim.o [4]
TIM_ITRx_SetConfig       0x800'0823   0x10  Code  Lc  stm32f4xx_hal_tim.o [4]
TIM_OC1_SetConfig        0x800'0691   0x4a  Code  Lc  stm32f4xx_hal_tim.o [4]
TIM_OC2_SetConfig        0x800'06db   0x52  Code  Gb  stm32f4xx_hal_tim.o [4]
TIM_OC3_SetConfig        0x800'072d   0x50  Code  Lc  stm32f4xx_hal_tim.o [4]
TIM_OC4_SetConfig        0x800'077d   0x40  Code  Lc  stm32f4xx_hal_tim.o [4]
TIM_TI1_ConfigInputStage
                         0x800'07e1   0x1e  Code  Lc  stm32f4xx_hal_tim.o [4]
TIM_TI2_ConfigInputStage
                         0x800'07ff   0x24  Code  Lc  stm32f4xx_hal_tim.o [4]
UART_SetConfig           0x800'129b   0xb0  Code  Lc  stm32f4xx_hal_uart.o [4]
UsageFault_Handler       0x800'27d1    0x2  Code  Gb  stm32f4xx_it.o [2]
__NVIC_SetPriority       0x800'0ec5   0x1a  Code  Lc  stm32f4xx_hal_cortex.o [4]
__aeabi_cdcmple          0x800'15c5         Code  Gb  DblCmpLe.o [6]
__aeabi_cdrcmple         0x800'25b1         Code  Gb  DblCmpGe.o [6]
__aeabi_d2iz             0x800'15f9         Code  Gb  DblToS32.o [6]
__aeabi_dadd             0x800'1365         Code  Gb  DblAddSub.o [6]
__aeabi_ddiv             0x800'1661         Code  Gb  DblDiv.o [6]
__aeabi_dmul             0x800'18a9         Code  Gb  DblMul.o [6]
__aeabi_dsub             0x800'14e1         Code  Gb  DblAddSub.o [6]
__aeabi_i2d              0x800'1631         Code  Gb  S32ToDbl.o [6]
__aeabi_ldiv0            0x800'22dd         Code  Gb  I64DivZer.o [7]
__aeabi_memcpy           0x800'2185         Code  Gb  ABImemcpy.o [7]
__aeabi_memcpy4          0x800'21a5         Code  Gb  ABImemcpy.o [7]
__aeabi_memcpy8          0x800'21a5         Code  Gb  ABImemcpy.o [7]
__aeabi_memset           0x800'1fd5         Code  Gb  ABImemset.o [7]
__cmain                  0x800'2819         Code  Gb  cmain.o [7]
__exit                   0x800'284d   0x14  Code  Gb  exit.o [8]
__iar_Exp64              0x800'22e1  0x268  Code  Gb  iar_Exp64.o [6]
__iar_Memset             0x800'1fd5         Code  Gb  ABImemset.o [7]
__iar_Memset_word        0x800'1fdd         Code  Gb  ABImemset.o [7]
__iar_copy_init3         0x800'0863   0x2a  Code  Gb  copy_init3.o [7]
__iar_data_init3         0x800'2759   0x28  Code  Gb  data_init.o [7]
__iar_exp64              0x800'2299   0x44  Code  Gb  exp64.o [6]
__iar_exp_medium         0x800'2299   0x44  Code  Gb  exp64.o [6]
__iar_exp_medium64       0x800'2299   0x44  Code  Gb  exp64.o [6]
__iar_exp_mediuml        0x800'2299   0x44  Code  Gb  exp64.o [6]
__iar_init_vfp           0x800'2781         Code  Gb  fpinit_M.o [6]
__iar_ldexp64            0x800'25e5         Code  Gb  ldexp.o [6]
__iar_program_start      0x800'2861         Code  Gb  cstartup_M.o [7]
__iar_scalbln64          0x800'25e5         Code  Gb  ldexp.o [6]
__iar_scalbn64           0x800'25e5         Code  Gb  ldexp.o [6]
__iar_small_uldivmod     0x800'207d         Code  Gb  I64DivMod_small.o [7]
__iar_sqrt64             0x800'1ecd         Code  Gb  sqrt.o [6]
__iar_vfp___iar_sqrt64   0x800'1ebd         Code  Gb  sqrt.o [6]
__iar_vfp_exp            0x800'1fc7    0xc  Code  Gb  math_wrappers64.o [6]
__iar_vfp_sqrt           0x800'1ebd         Code  Gb  sqrt.o [6]
__iar_vfp_sqrtl          0x800'1ebd         Code  Gb  sqrt.o [6]
__iar_zero_init3         0x800'271f   0x38  Code  Gb  zero_init3.o [7]
__low_level_init         0x800'2837    0x4  Code  Gb  low_level_init.o [5]
__vector_table           0x800'0000         Data  Gb  startup_stm32f411xe.o [1]
_call_main               0x800'2825         Code  Gb  cmain.o [7]
_exit                    0x800'2841         Code  Gb  cexit.o [7]
arrLookupTable          0x2000'0010  0x3c8  Data  Lc  main.o [2]
exit                     0x800'283b    0x4  Code  Gb  exit.o [5]
exp                      0x800'2299   0x44  Code  Gb  exp64.o [6]
expl                     0x800'2299   0x44  Code  Gb  exp64.o [6]
htim2                   0x2000'041c   0x48  Data  Gb  main.o [2]
htim3                   0x2000'0464   0x48  Data  Gb  main.o [2]
huart2                  0x2000'03d8   0x44  Data  Gb  main.o [2]
ldexp                    0x800'25e5         Code  Gb  ldexp.o [6]
ldexpl                   0x800'25e5         Code  Gb  ldexp.o [6]
main                     0x800'09e9  0x30a  Code  Gb  main.o [2]
max_y                   0x2000'04b0    0x8  Data  Lc  main.o [2]
max_y_index             0x2000'04b8    0x1  Data  Lc  main.o [2]
memcpy                   0x800'1653    0xc  Code  Gb  memcpy.o [7]
memset                   0x800'1165   0x14  Code  Gb  memset.o [7]
pdf                      0x800'0da1   0x5a  Code  Lc  main.o [2]
scalbln                  0x800'25e5         Code  Gb  ldexp.o [6]
scalblnl                 0x800'25e5         Code  Gb  ldexp.o [6]
scalbn                   0x800'25e5         Code  Gb  ldexp.o [6]
scalbnl                  0x800'25e5         Code  Gb  ldexp.o [6]
sqrt                     0x800'1ecd         Code  Gb  sqrt.o [6]
sqrtl                    0x800'1ecd         Code  Gb  sqrt.o [6]
uwTick                  0x2000'0004    0x4  Data  Gb  stm32f4xx_hal.o [4]
uwTickFreq              0x2000'0000    0x1  Data  Gb  stm32f4xx_hal.o [4]
uwTickPrio              0x2000'0008    0x4  Data  Gb  stm32f4xx_hal.o [4]


[1] = C:\Users\tzinke\Documents\Learning Goals\STM32MotionControl\EWARM\Motion Control\Obj\Application\EWARM
[2] = C:\Users\tzinke\Documents\Learning Goals\STM32MotionControl\EWARM\Motion Control\Obj\Application\User\Core
[3] = C:\Users\tzinke\Documents\Learning Goals\STM32MotionControl\EWARM\Motion Control\Obj\Drivers\CMSIS
[4] = C:\Users\tzinke\Documents\Learning Goals\STM32MotionControl\EWARM\Motion Control\Obj\Drivers\STM32F4xx_HAL_Driver
[5] = dl7M_tln.a
[6] = m7M_tls.a
[7] = rt7M_tl.a
[8] = shb_l.a

  10'566 bytes of readonly  code memory
      62 bytes of readonly  data memory
   2'238 bytes of readwrite data memory

Errors: none
Warnings: none
