###############################################################################
#
# IAR ELF Linker V9.10.2.313/W64 for ARM                  30/Mar/2022  10:06:41
# Copyright 2007-2021 IAR Systems AB.
#
#    Output file  =
#        C:\Users\tzinke\Documents\Learning
#        Goals\STM32MotionControl\EWARM\Motion Control\Exe\Motion Control.out
#    Map file     =
#        C:\Users\tzinke\Documents\Learning
#        Goals\STM32MotionControl\EWARM\Motion Control\List\Motion Control.map
#    Command line =
#        -f "C:\Users\tzinke\Documents\Learning
#        Goals\STM32MotionControl\EWARM\Motion Control\Exe\Motion
#        Control.out.rsp" ("C:\Users\tzinke\Documents\Learning
#        Goals\STM32MotionControl\EWARM\Motion
#        Control\Obj\Application\User\Core\main.o"
#        "C:\Users\tzinke\Documents\Learning
#        Goals\STM32MotionControl\EWARM\Motion
#        Control\Obj\Application\EWARM\startup_stm32f411xe.o"
#        "C:\Users\tzinke\Documents\Learning
#        Goals\STM32MotionControl\EWARM\Motion
#        Control\Obj\Drivers\STM32F4xx_HAL_Driver\stm32f4xx_hal.o"
#        "C:\Users\tzinke\Documents\Learning
#        Goals\STM32MotionControl\EWARM\Motion
#        Control\Obj\Drivers\STM32F4xx_HAL_Driver\stm32f4xx_hal_cortex.o"
#        "C:\Users\tzinke\Documents\Learning
#        Goals\STM32MotionControl\EWARM\Motion
#        Control\Obj\Drivers\STM32F4xx_HAL_Driver\stm32f4xx_hal_dma.o"
#        "C:\Users\tzinke\Documents\Learning
#        Goals\STM32MotionControl\EWARM\Motion
#        Control\Obj\Drivers\STM32F4xx_HAL_Driver\stm32f4xx_hal_dma_ex.o"
#        "C:\Users\tzinke\Documents\Learning
#        Goals\STM32MotionControl\EWARM\Motion
#        Control\Obj\Drivers\STM32F4xx_HAL_Driver\stm32f4xx_hal_exti.o"
#        "C:\Users\tzinke\Documents\Learning
#        Goals\STM32MotionControl\EWARM\Motion
#        Control\Obj\Drivers\STM32F4xx_HAL_Driver\stm32f4xx_hal_flash.o"
#        "C:\Users\tzinke\Documents\Learning
#        Goals\STM32MotionControl\EWARM\Motion
#        Control\Obj\Drivers\STM32F4xx_HAL_Driver\stm32f4xx_hal_flash_ex.o"
#        "C:\Users\tzinke\Documents\Learning
#        Goals\STM32MotionControl\EWARM\Motion
#        Control\Obj\Drivers\STM32F4xx_HAL_Driver\stm32f4xx_hal_flash_ramfunc.o"
#        "C:\Users\tzinke\Documents\Learning
#        Goals\STM32MotionControl\EWARM\Motion
#        Control\Obj\Drivers\STM32F4xx_HAL_Driver\stm32f4xx_hal_gpio.o"
#        "C:\Users\tzinke\Documents\Learning
#        Goals\STM32MotionControl\EWARM\Motion
#        Control\Obj\Application\User\Core\stm32f4xx_hal_msp.o"
#        "C:\Users\tzinke\Documents\Learning
#        Goals\STM32MotionControl\EWARM\Motion
#        Control\Obj\Drivers\STM32F4xx_HAL_Driver\stm32f4xx_hal_pwr.o"
#        "C:\Users\tzinke\Documents\Learning
#        Goals\STM32MotionControl\EWARM\Motion
#        Control\Obj\Drivers\STM32F4xx_HAL_Driver\stm32f4xx_hal_pwr_ex.o"
#        "C:\Users\tzinke\Documents\Learning
#        Goals\STM32MotionControl\EWARM\Motion
#        Control\Obj\Drivers\STM32F4xx_HAL_Driver\stm32f4xx_hal_rcc.o"
#        "C:\Users\tzinke\Documents\Learning
#        Goals\STM32MotionControl\EWARM\Motion
#        Control\Obj\Drivers\STM32F4xx_HAL_Driver\stm32f4xx_hal_rcc_ex.o"
#        "C:\Users\tzinke\Documents\Learning
#        Goals\STM32MotionControl\EWARM\Motion
#        Control\Obj\Drivers\STM32F4xx_HAL_Driver\stm32f4xx_hal_tim.o"
#        "C:\Users\tzinke\Documents\Learning
#        Goals\STM32MotionControl\EWARM\Motion
#        Control\Obj\Drivers\STM32F4xx_HAL_Driver\stm32f4xx_hal_tim_ex.o"
#        "C:\Users\tzinke\Documents\Learning
#        Goals\STM32MotionControl\EWARM\Motion
#        Control\Obj\Drivers\STM32F4xx_HAL_Driver\stm32f4xx_hal_uart.o"
#        "C:\Users\tzinke\Documents\Learning
#        Goals\STM32MotionControl\EWARM\Motion
#        Control\Obj\Application\User\Core\stm32f4xx_it.o"
#        "C:\Users\tzinke\Documents\Learning
#        Goals\STM32MotionControl\EWARM\Motion
#        Control\Obj\Drivers\CMSIS\system_stm32f4xx.o" --no_out_extension -o
#        "C:\Users\tzinke\Documents\Learning
#        Goals\STM32MotionControl\EWARM\Motion Control\Exe\Motion Control.out"
#        --redirect _Printf=_PrintfFullNoMb --redirect _Scanf=_ScanfFullNoMb
#        --map "C:\Users\tzinke\Documents\Learning
#        Goals\STM32MotionControl\EWARM\Motion Control\List\Motion Control.map"
#        --config "C:\Users\tzinke\Documents\Learning
#        Goals\STM32MotionControl\EWARM/stm32f411xe_flash.icf" --semihosting
#        --entry __iar_program_start --vfe --text_out locale)
#
###############################################################################

*******************************************************************************
*** RUNTIME MODEL ATTRIBUTES
***

CppFlavor       = *
__SystemLibrary = DLib
__dlib_version  = 6


*******************************************************************************
*** HEAP SELECTION
***

The basic heap was selected because no calls to memory allocation
functions were found in the application outside of system library
functions, and there are calls to deallocation functions in the
application.


*******************************************************************************
*** PLACEMENT SUMMARY
***

"A0":  place at address 0x800'0000 { ro section .intvec };
"P1":  place in [from 0x800'0000 to 0x807'ffff] { ro };
define block CSTACK with size = 1K, alignment = 8 { };
define block HEAP with size = 512, alignment = 8 { };
"P2":  place in [from 0x2000'0000 to 0x2001'ffff] {
          rw, block CSTACK, block HEAP };
initialize by copy { rw };

  Section            Kind         Address    Size  Object
  -------            ----         -------    ----  ------
"A0":                                       0x198
  .intvec            ro code   0x800'0000   0x198  startup_stm32f411xe.o [1]
                             - 0x800'0198   0x198

"P1":                                      0x1980
  .text              ro code   0x800'0198   0x6ca  stm32f4xx_hal_tim.o [4]
  .text              ro code   0x800'0862    0x2a  copy_init3.o [7]
  .text              ro code   0x800'088c   0x154  stm32f4xx_hal_msp.o [2]
  .text              ro code   0x800'09e0     0x2  stm32f4xx_hal_tim.o [4]
  .text              ro code   0x800'09e2     0x2  stm32f4xx_hal_tim.o [4]
  .text              ro code   0x800'09e4     0x2  stm32f4xx_hal_tim.o [4]
  .text              ro code   0x800'09e8   0x398  main.o [2]
  .text              ro code   0x800'0d80     0x2  stm32f4xx_hal_tim_ex.o [4]
  .text              ro code   0x800'0d82     0x2  stm32f4xx_hal_tim.o [4]
  .text              ro code   0x800'0d84     0x2  stm32f4xx_hal_tim_ex.o [4]
  .text              ro code   0x800'0d86     0x2  stm32f4xx_hal_tim.o [4]
  .text              ro code   0x800'0d88    0xc4  stm32f4xx_hal_cortex.o [4]
  .text              ro code   0x800'0e4c   0x1dc  stm32f4xx_hal_gpio.o [4]
  .text              ro code   0x800'1028    0x14  memset.o [7]
  .text              ro code   0x800'103c    0x34  stm32f4xx_hal.o [4]
  .text              ro code   0x800'1070    0x78  stm32f4xx_hal_tim_ex.o [4]
  .text              ro code   0x800'10e8   0x140  stm32f4xx_hal_uart.o [4]
  .text              ro code   0x800'1228   0x31c  stm32f4xx_hal_rcc.o [4]
  .text              ro code   0x800'1544   0x14c  stm32f4xx_hal_rcc.o [4]
  .text              ro code   0x800'1690    0x66  ABImemset.o [7]
  .text              ro code   0x800'16f8    0x40  stm32f4xx_hal.o [4]
  .text              ro code   0x800'1738   0x106  I64DivMod_small.o [7]
  .text              ro code   0x800'1840     0xc  stm32f4xx_hal.o [4]
  .text              ro code   0x800'184c    0x60  stm32f4xx_hal_rcc.o [4]
  .text              ro code   0x800'18ac     0x2  I64DivZer.o [7]
  .text              ro code   0x800'18ae    0x38  zero_init3.o [7]
  .text              ro code   0x800'18e8    0x28  data_init.o [7]
  .text              ro code   0x800'1910    0x22  fpinit_M.o [6]
  .iar.init_table    const     0x800'1934    0x24  - Linker created -
  .text              ro code   0x800'1958    0x20  stm32f4xx_it.o [2]
  .text              ro code   0x800'1978    0x10  stm32f4xx_hal.o [4]
  .text              ro code   0x800'1988    0x20  system_stm32f4xx.o [3]
  .text              ro code   0x800'19a8    0x1e  cmain.o [7]
  .text              ro code   0x800'19c6     0x4  low_level_init.o [5]
  .text              ro code   0x800'19ca     0x4  exit.o [5]
  .text              ro code   0x800'19d0     0xa  cexit.o [7]
  .text              ro code   0x800'19dc    0x14  exit.o [8]
  .text              ro code   0x800'19f0    0x1c  cstartup_M.o [7]
  Initializer bytes  const     0x800'1a0c    0x14  <for P2-1>
  .text              ro code   0x800'1a20    0x10  startup_stm32f411xe.o [1]
  .rodata            const     0x800'1a30     0x8  system_stm32f4xx.o [3]
  .text              ro code   0x800'1a38     0x4  startup_stm32f411xe.o [1]
  .text              ro code   0x800'1a3c     0x4  startup_stm32f411xe.o [1]
  .text              ro code   0x800'1a40     0x4  startup_stm32f411xe.o [1]
  .text              ro code   0x800'1a44     0x4  startup_stm32f411xe.o [1]
  .text              ro code   0x800'1a48     0x4  startup_stm32f411xe.o [1]
  .text              ro code   0x800'1a4c     0x4  startup_stm32f411xe.o [1]
  .text              ro code   0x800'1a50     0x4  startup_stm32f411xe.o [1]
  .text              ro code   0x800'1a54     0x4  startup_stm32f411xe.o [1]
  .text              ro code   0x800'1a58     0x4  startup_stm32f411xe.o [1]
  .text              ro code   0x800'1a5c     0x4  startup_stm32f411xe.o [1]
  .text              ro code   0x800'1a60     0x4  startup_stm32f411xe.o [1]
  .text              ro code   0x800'1a64     0x4  startup_stm32f411xe.o [1]
  .text              ro code   0x800'1a68     0x4  startup_stm32f411xe.o [1]
  .text              ro code   0x800'1a6c     0x4  startup_stm32f411xe.o [1]
  .text              ro code   0x800'1a70     0x4  startup_stm32f411xe.o [1]
  .text              ro code   0x800'1a74     0x4  startup_stm32f411xe.o [1]
  .text              ro code   0x800'1a78     0x4  startup_stm32f411xe.o [1]
  .text              ro code   0x800'1a7c     0x4  startup_stm32f411xe.o [1]
  .text              ro code   0x800'1a80     0x4  startup_stm32f411xe.o [1]
  .text              ro code   0x800'1a84     0x4  startup_stm32f411xe.o [1]
  .text              ro code   0x800'1a88     0x4  startup_stm32f411xe.o [1]
  .text              ro code   0x800'1a8c     0x4  startup_stm32f411xe.o [1]
  .text              ro code   0x800'1a90     0x4  startup_stm32f411xe.o [1]
  .text              ro code   0x800'1a94     0x4  startup_stm32f411xe.o [1]
  .text              ro code   0x800'1a98     0x4  startup_stm32f411xe.o [1]
  .text              ro code   0x800'1a9c     0x4  startup_stm32f411xe.o [1]
  .text              ro code   0x800'1aa0     0x4  startup_stm32f411xe.o [1]
  .text              ro code   0x800'1aa4     0x4  startup_stm32f411xe.o [1]
  .text              ro code   0x800'1aa8     0x4  startup_stm32f411xe.o [1]
  .text              ro code   0x800'1aac     0x4  startup_stm32f411xe.o [1]
  .text              ro code   0x800'1ab0     0x4  startup_stm32f411xe.o [1]
  .text              ro code   0x800'1ab4     0x4  startup_stm32f411xe.o [1]
  .text              ro code   0x800'1ab8     0x4  startup_stm32f411xe.o [1]
  .text              ro code   0x800'1abc     0x4  startup_stm32f411xe.o [1]
  .text              ro code   0x800'1ac0     0x4  startup_stm32f411xe.o [1]
  .text              ro code   0x800'1ac4     0x4  startup_stm32f411xe.o [1]
  .text              ro code   0x800'1ac8     0x4  startup_stm32f411xe.o [1]
  .text              ro code   0x800'1acc     0x4  startup_stm32f411xe.o [1]
  .text              ro code   0x800'1ad0     0x4  startup_stm32f411xe.o [1]
  .text              ro code   0x800'1ad4     0x4  startup_stm32f411xe.o [1]
  .text              ro code   0x800'1ad8     0x4  startup_stm32f411xe.o [1]
  .text              ro code   0x800'1adc     0x4  startup_stm32f411xe.o [1]
  .text              ro code   0x800'1ae0     0x4  startup_stm32f411xe.o [1]
  .text              ro code   0x800'1ae4     0x4  startup_stm32f411xe.o [1]
  .text              ro code   0x800'1ae8     0x4  startup_stm32f411xe.o [1]
  .text              ro code   0x800'1aec     0x4  startup_stm32f411xe.o [1]
  .text              ro code   0x800'1af0     0x4  startup_stm32f411xe.o [1]
  .text              ro code   0x800'1af4     0x4  startup_stm32f411xe.o [1]
  .text              ro code   0x800'1af8     0x4  startup_stm32f411xe.o [1]
  .text              ro code   0x800'1afc     0x4  startup_stm32f411xe.o [1]
  .text              ro code   0x800'1b00     0x4  startup_stm32f411xe.o [1]
  .text              ro code   0x800'1b04     0x4  startup_stm32f411xe.o [1]
  .text              ro code   0x800'1b08     0x4  startup_stm32f411xe.o [1]
  .text              ro code   0x800'1b0c     0x4  startup_stm32f411xe.o [1]
  .text              ro code   0x800'1b10     0x4  startup_stm32f411xe.o [1]
  .text              ro code   0x800'1b14     0x4  startup_stm32f411xe.o [1]
  .rodata            const     0x800'1b18     0x0  zero_init3.o [7]
  .rodata            const     0x800'1b18     0x0  copy_init3.o [7]
                             - 0x800'1b18  0x1980

"P2", part 1 of 3:                           0x14
  P2-1                        0x2000'0000    0x14  <Init block>
    .data            inited   0x2000'0000     0xc  stm32f4xx_hal.o [4]
    .data            inited   0x2000'000c     0x4  system_stm32f4xx.o [3]
    .data            inited   0x2000'0010     0x4  main.o [2]
                            - 0x2000'0014    0x14

"P2", part 2 of 3:                           0xe0
  .bss               zero     0x2000'0014    0xd4  main.o [2]
  .bss               zero     0x2000'00e8     0xb  main.o [2]
                            - 0x2000'00f3    0xdf

"P2", part 3 of 3:                          0x400
  CSTACK                      0x2000'00f8   0x400  <Block>
    CSTACK           uninit   0x2000'00f8   0x400  <Block tail>
                            - 0x2000'04f8   0x400

Unused ranges:

         From           To      Size
         ----           --      ----
   0x800'1b18   0x807'ffff  0x7'e4e8
  0x2000'00f4  0x2000'00f7       0x4
  0x2000'04f8  0x2001'ffff  0x1'fb08


*******************************************************************************
*** INIT TABLE
***

          Address      Size
          -------      ----
Zero (__iar_zero_init3)
    1 destination range, total size 0xdf:
          0x2000'0014  0xdf

Copy (__iar_copy_init3)
    1 source range, total size 0x14:
           0x800'1a0c  0x14
    1 destination range, total size 0x14:
          0x2000'0000  0x14



*******************************************************************************
*** MODULE SUMMARY
***

    Module                  ro code  ro data  rw data
    ------                  -------  -------  -------
command line/config:
    -------------------------------------------------
    Total:

C:\Users\tzinke\Documents\Learning Goals\STM32MotionControl\EWARM\Motion Control\Obj\Application\EWARM: [1]
    startup_stm32f411xe.o       648
    -------------------------------------------------
    Total:                      648

C:\Users\tzinke\Documents\Learning Goals\STM32MotionControl\EWARM\Motion Control\Obj\Application\User\Core: [2]
    main.o                      920        4      227
    stm32f4xx_hal_msp.o         340
    stm32f4xx_it.o               32
    -------------------------------------------------
    Total:                    1'292        4      227

C:\Users\tzinke\Documents\Learning Goals\STM32MotionControl\EWARM\Motion Control\Obj\Drivers\CMSIS: [3]
    system_stm32f4xx.o           32       12        4
    -------------------------------------------------
    Total:                       32       12        4

C:\Users\tzinke\Documents\Learning Goals\STM32MotionControl\EWARM\Motion Control\Obj\Drivers\STM32F4xx_HAL_Driver: [4]
    stm32f4xx_hal.o             144       12       12
    stm32f4xx_hal_cortex.o      196
    stm32f4xx_hal_gpio.o        476
    stm32f4xx_hal_rcc.o       1'224
    stm32f4xx_hal_tim.o       1'748
    stm32f4xx_hal_tim_ex.o      124
    stm32f4xx_hal_uart.o        320
    -------------------------------------------------
    Total:                    4'232       12       12

dl7M_tln.a: [5]
    exit.o                        4
    low_level_init.o              4
    -------------------------------------------------
    Total:                        8

m7M_tls.a: [6]
    fpinit_M.o                   34
    -------------------------------------------------
    Total:                       34

rt7M_tl.a: [7]
    ABImemset.o                 102
    I64DivMod_small.o           262
    I64DivZer.o                   2
    cexit.o                      10
    cmain.o                      30
    copy_init3.o                 42
    cstartup_M.o                 28
    data_init.o                  40
    memset.o                     20
    zero_init3.o                 56
    -------------------------------------------------
    Total:                      592

shb_l.a: [8]
    exit.o                       20
    -------------------------------------------------
    Total:                       20

    Gaps                         12        2
    Linker created                        36    1'024
-----------------------------------------------------
    Grand Total:              6'870       66    1'267


*******************************************************************************
*** ENTRY LIST
***

Entry                       Address   Size  Type      Object
-----                       -------   ----  ----      ------
.iar.init_table$$Base    0x800'1934          --   Gb  - Linker created -
.iar.init_table$$Limit   0x800'1958          --   Gb  - Linker created -
?main                    0x800'19a9         Code  Gb  cmain.o [7]
AHBPrescTable            0x800'1998   0x10  Data  Gb  system_stm32f4xx.o [3]
APBPrescTable            0x800'1a30    0x8  Data  Gb  system_stm32f4xx.o [3]
BusFault_Handler         0x800'195f    0x2  Code  Gb  stm32f4xx_it.o [2]
CSTACK$$Base            0x2000'00f8          --   Gb  - Linker created -
CSTACK$$Limit           0x2000'04f8          --   Gb  - Linker created -
DebugMon_Handler         0x800'1965    0x2  Code  Gb  stm32f4xx_it.o [2]
HAL_GPIO_Init            0x800'0e4d  0x1a2  Code  Gb  stm32f4xx_hal_gpio.o [4]
HAL_GPIO_TogglePin       0x800'0ff7   0x10  Code  Gb  stm32f4xx_hal_gpio.o [4]
HAL_GPIO_WritePin        0x800'0fef    0x8  Code  Gb  stm32f4xx_hal_gpio.o [4]
HAL_GetTick              0x800'1841    0xc  Code  Gb  stm32f4xx_hal.o [4]
HAL_IncTick              0x800'1979   0x10  Code  Gb  stm32f4xx_hal.o [4]
HAL_Init                 0x800'103d   0x30  Code  Gb  stm32f4xx_hal.o [4]
HAL_InitTick             0x800'16f9   0x40  Code  Gb  stm32f4xx_hal.o [4]
HAL_MspInit              0x800'088d   0x38  Code  Gb  stm32f4xx_hal_msp.o [2]
HAL_NVIC_EnableIRQ       0x800'0df7   0x16  Code  Gb  stm32f4xx_hal_cortex.o [4]
HAL_NVIC_SetPriority     0x800'0dbd   0x3a  Code  Gb  stm32f4xx_hal_cortex.o [4]
HAL_NVIC_SetPriorityGrouping
                         0x800'0da3   0x1a  Code  Gb  stm32f4xx_hal_cortex.o [4]
HAL_RCC_ClockConfig      0x800'1545  0x100  Code  Gb  stm32f4xx_hal_rcc.o [4]
HAL_RCC_GetPCLK1Freq     0x800'1651   0x10  Code  Gb  stm32f4xx_hal_rcc.o [4]
HAL_RCC_GetPCLK2Freq     0x800'1661    0xe  Code  Gb  stm32f4xx_hal_rcc.o [4]
HAL_RCC_GetSysClockFreq
                         0x800'184d   0x60  Code  Gb  stm32f4xx_hal_rcc.o [4]
HAL_RCC_OscConfig        0x800'1229  0x31c  Code  Gb  stm32f4xx_hal_rcc.o [4]
HAL_SYSTICK_Config       0x800'0e0d   0x28  Code  Gb  stm32f4xx_hal_cortex.o [4]
HAL_TIMEx_BreakCallback
                         0x800'0d81    0x2  Code  Gb  stm32f4xx_hal_tim_ex.o [4]
HAL_TIMEx_CommutCallback
                         0x800'0d85    0x2  Code  Gb  stm32f4xx_hal_tim_ex.o [4]
HAL_TIMEx_MasterConfigSynchronization
                         0x800'1071   0x62  Code  Gb  stm32f4xx_hal_tim_ex.o [4]
HAL_TIM_Base_Init        0x800'0199   0x1a  Code  Gb  stm32f4xx_hal_tim.o [4]
HAL_TIM_Base_MspInit     0x800'08c5   0x56  Code  Gb  stm32f4xx_hal_msp.o [2]
HAL_TIM_Base_Start_IT    0x800'01b3   0x64  Code  Gb  stm32f4xx_hal_tim.o [4]
HAL_TIM_ConfigClockSource
                         0x800'0553   0xaa  Code  Gb  stm32f4xx_hal_tim.o [4]
HAL_TIM_IC_CaptureCallback
                         0x800'09e3    0x2  Code  Gb  stm32f4xx_hal_tim.o [4]
HAL_TIM_IRQHandler       0x800'033d  0x142  Code  Gb  stm32f4xx_hal_tim.o [4]
HAL_TIM_MspPostInit      0x800'091b   0x46  Code  Gb  stm32f4xx_hal_msp.o [2]
HAL_TIM_OC_DelayElapsedCallback
                         0x800'09e5    0x2  Code  Gb  stm32f4xx_hal_tim.o [4]
HAL_TIM_PWM_ConfigChannel
                         0x800'048f   0xb6  Code  Gb  stm32f4xx_hal_tim.o [4]
HAL_TIM_PWM_Init         0x800'0253   0x1a  Code  Gb  stm32f4xx_hal_tim.o [4]
HAL_TIM_PWM_MspInit      0x800'09e1    0x2  Code  Gb  stm32f4xx_hal_tim.o [4]
HAL_TIM_PWM_PulseFinishedCallback
                         0x800'0d87    0x2  Code  Gb  stm32f4xx_hal_tim.o [4]
HAL_TIM_PWM_Start        0x800'026d   0x82  Code  Gb  stm32f4xx_hal_tim.o [4]
HAL_TIM_PeriodElapsedCallback
                         0x800'0c95   0x26  Code  Gb  main.o [2]
HAL_TIM_PeriodElapsedCallback::PWMTableIndex
                        0x2000'0012    0x2  Data  Lc  main.o [2]
HAL_TIM_TriggerCallback
                         0x800'0d83    0x2  Code  Gb  stm32f4xx_hal_tim.o [4]
HAL_UART_Init            0x800'10e9   0x1e  Code  Gb  stm32f4xx_hal_uart.o [4]
HAL_UART_MspInit         0x800'0961   0x5c  Code  Gb  stm32f4xx_hal_msp.o [2]
HardFault_Handler        0x800'195b    0x2  Code  Gb  stm32f4xx_it.o [2]
MemManage_Handler        0x800'195d    0x2  Code  Gb  stm32f4xx_it.o [2]
NMI_Handler              0x800'1959    0x2  Code  Gb  stm32f4xx_it.o [2]
PendSV_Handler           0x800'1967    0x2  Code  Gb  stm32f4xx_it.o [2]
Region$$Table$$Base      0x800'1934          --   Gb  - Linker created -
Region$$Table$$Limit     0x800'1958          --   Gb  - Linker created -
SVC_Handler              0x800'1963    0x2  Code  Gb  stm32f4xx_it.o [2]
SysTick_Handler          0x800'1969    0x4  Code  Gb  stm32f4xx_it.o [2]
SystemClock_Config       0x800'0c03   0x92  Code  Gb  main.o [2]
SystemCoreClock         0x2000'000c    0x4  Data  Gb  system_stm32f4xx.o [3]
SystemInit               0x800'1989    0xc  Code  Gb  system_stm32f4xx.o [3]
TIM3_IRQHandler          0x800'196d    0x6  Code  Gb  stm32f4xx_it.o [2]
TIM_Base_SetConfig       0x800'0617   0x7a  Code  Gb  stm32f4xx_hal_tim.o [4]
TIM_CCxChannelCmd        0x800'0847   0x16  Code  Gb  stm32f4xx_hal_tim.o [4]
TIM_ETR_SetConfig        0x800'0833   0x14  Code  Gb  stm32f4xx_hal_tim.o [4]
TIM_ITRx_SetConfig       0x800'0823   0x10  Code  Lc  stm32f4xx_hal_tim.o [4]
TIM_OC1_SetConfig        0x800'0691   0x4a  Code  Lc  stm32f4xx_hal_tim.o [4]
TIM_OC2_SetConfig        0x800'06db   0x52  Code  Gb  stm32f4xx_hal_tim.o [4]
TIM_OC3_SetConfig        0x800'072d   0x50  Code  Lc  stm32f4xx_hal_tim.o [4]
TIM_OC4_SetConfig        0x800'077d   0x40  Code  Lc  stm32f4xx_hal_tim.o [4]
TIM_TI1_ConfigInputStage
                         0x800'07e1   0x1e  Code  Lc  stm32f4xx_hal_tim.o [4]
TIM_TI2_ConfigInputStage
                         0x800'07ff   0x24  Code  Lc  stm32f4xx_hal_tim.o [4]
UART_SetConfig           0x800'115f   0xb0  Code  Lc  stm32f4xx_hal_uart.o [4]
UsageFault_Handler       0x800'1961    0x2  Code  Gb  stm32f4xx_it.o [2]
__NVIC_SetPriority       0x800'0d89   0x1a  Code  Lc  stm32f4xx_hal_cortex.o [4]
__aeabi_ldiv0            0x800'18ad         Code  Gb  I64DivZer.o [7]
__aeabi_memset           0x800'1691         Code  Gb  ABImemset.o [7]
__cmain                  0x800'19a9         Code  Gb  cmain.o [7]
__exit                   0x800'19dd   0x14  Code  Gb  exit.o [8]
__iar_Memset             0x800'1691         Code  Gb  ABImemset.o [7]
__iar_Memset_word        0x800'1699         Code  Gb  ABImemset.o [7]
__iar_copy_init3         0x800'0863   0x2a  Code  Gb  copy_init3.o [7]
__iar_data_init3         0x800'18e9   0x28  Code  Gb  data_init.o [7]
__iar_init_vfp           0x800'1911         Code  Gb  fpinit_M.o [6]
__iar_program_start      0x800'19f1         Code  Gb  cstartup_M.o [7]
__iar_small_uldivmod     0x800'1739         Code  Gb  I64DivMod_small.o [7]
__iar_zero_init3         0x800'18af   0x38  Code  Gb  zero_init3.o [7]
__low_level_init         0x800'19c7    0x4  Code  Gb  low_level_init.o [5]
__vector_table           0x800'0000         Data  Gb  startup_stm32f411xe.o [1]
_call_main               0x800'19b5         Code  Gb  cmain.o [7]
_exit                    0x800'19d1         Code  Gb  cexit.o [7]
exit                     0x800'19cb    0x4  Code  Gb  exit.o [5]
htim2                   0x2000'0058   0x48  Data  Gb  main.o [2]
htim3                   0x2000'00a0   0x48  Data  Gb  main.o [2]
huart2                  0x2000'0014   0x44  Data  Gb  main.o [2]
init_mode_values         0x800'0cbb   0x24  Code  Gb  main.o [2]
main                     0x800'09e9  0x1f0  Code  Gb  main.o [2]
memset                   0x800'1029   0x14  Code  Gb  memset.o [7]
microstep_motor::hold_counter
                        0x2000'00f2    0x1  Data  Lc  main.o [2]
mode_value              0x2000'00e8    0x8  Data  Gb  main.o [2]
myPWMPer                0x2000'0010    0x2  Data  Gb  main.o [2]
phase                   0x2000'00f0    0x1  Data  Lc  main.o [2]
step_index              0x2000'00f1    0x1  Data  Lc  main.o [2]
update_mode              0x800'0cdf   0x5c  Code  Gb  main.o [2]
uwTick                  0x2000'0004    0x4  Data  Gb  stm32f4xx_hal.o [4]
uwTickFreq              0x2000'0000    0x1  Data  Gb  stm32f4xx_hal.o [4]
uwTickPrio              0x2000'0008    0x4  Data  Gb  stm32f4xx_hal.o [4]


[1] = C:\Users\tzinke\Documents\Learning Goals\STM32MotionControl\EWARM\Motion Control\Obj\Application\EWARM
[2] = C:\Users\tzinke\Documents\Learning Goals\STM32MotionControl\EWARM\Motion Control\Obj\Application\User\Core
[3] = C:\Users\tzinke\Documents\Learning Goals\STM32MotionControl\EWARM\Motion Control\Obj\Drivers\CMSIS
[4] = C:\Users\tzinke\Documents\Learning Goals\STM32MotionControl\EWARM\Motion Control\Obj\Drivers\STM32F4xx_HAL_Driver
[5] = dl7M_tln.a
[6] = m7M_tls.a
[7] = rt7M_tl.a
[8] = shb_l.a

  6'870 bytes of readonly  code memory
     66 bytes of readonly  data memory
  1'267 bytes of readwrite data memory

Errors: none
Warnings: none
